Archive member included because of file (symbol)

c:/winavr-20100110/bin/../lib/gcc/avr/4.3.3/../../../../avr/lib/avr51\libc.a(calloc.o)
                              Fmu.o (calloc)
c:/winavr-20100110/bin/../lib/gcc/avr/4.3.3/../../../../avr/lib/avr51\libc.a(malloc.o)
                              BoolPort.o (malloc)
c:/winavr-20100110/bin/../lib/gcc/avr/4.3.3/../../../../avr/lib/avr51\libc.a(realloc.o)
                              VdmSeq.o (realloc)
c:/winavr-20100110/bin/../lib/gcc/avr/4.3.3/../../../../avr/lib/avr51\libc.a(abort.o)
                              TypedValue.o (abort)
c:/winavr-20100110/bin/../lib/gcc/avr/4.3.3/../../../../avr/lib/avr51\libc.a(exit.o)
                              c:/winavr-20100110/bin/../lib/gcc/avr/4.3.3/../../../../avr/lib/avr51/crtm1284p.o (exit)
c:/winavr-20100110/bin/../lib/gcc/avr/4.3.3/../../../../avr/lib/avr51\libc.a(memcpy.o)
                              BoolPort.o (memcpy)
c:/winavr-20100110/bin/../lib/gcc/avr/4.3.3/../../../../avr/lib/avr51\libc.a(memset.o)
                              c:/winavr-20100110/bin/../lib/gcc/avr/4.3.3/../../../../avr/lib/avr51\libc.a(calloc.o) (memset)
c:/winavr-20100110/bin/../lib/gcc/avr/4.3.3/../../../../avr/lib/avr51\libc.a(strcmp.o)
                              Fmu.o (strcmp)
c:/winavr-20100110/bin/../lib/gcc/avr/4.3.3/../../../../avr/lib/avr51\libc.a(strcpy.o)
                              Fmu.o (strcpy)
c:/winavr-20100110/bin/../lib/gcc/avr/4.3.3/../../../../avr/lib/avr51\libc.a(strlen.o)
                              Fmu.o (strlen)
c:/winavr-20100110/bin/../lib/gcc/avr/4.3.3/../../../../avr/lib/avr51\libc.a(itoa.o)
                              main.o (itoa)
c:/winavr-20100110/bin/../lib/gcc/avr/4.3.3/../../../../avr/lib/avr51\libc.a(addsf3.o)
                              FmuModel.o (__subsf3)
c:/winavr-20100110/bin/../lib/gcc/avr/4.3.3/../../../../avr/lib/avr51\libc.a(addsf3x.o)
                              c:/winavr-20100110/bin/../lib/gcc/avr/4.3.3/../../../../avr/lib/avr51\libc.a(addsf3.o) (__addsf3x)
c:/winavr-20100110/bin/../lib/gcc/avr/4.3.3/../../../../avr/lib/avr51\libc.a(cmpsf2.o)
                              TypedValue.o (__eqsf2)
c:/winavr-20100110/bin/../lib/gcc/avr/4.3.3/../../../../avr/lib/avr51\libc.a(divsf3.o)
                              FmuModel.o (__divsf3)
c:/winavr-20100110/bin/../lib/gcc/avr/4.3.3/../../../../avr/lib/avr51\libc.a(divsf3x.o)
                              c:/winavr-20100110/bin/../lib/gcc/avr/4.3.3/../../../../avr/lib/avr51\libc.a(divsf3.o) (__divsf3x)
c:/winavr-20100110/bin/../lib/gcc/avr/4.3.3/../../../../avr/lib/avr51\libc.a(fixsfsi.o)
                              FmuModel.o (__fixsfsi)
c:/winavr-20100110/bin/../lib/gcc/avr/4.3.3/../../../../avr/lib/avr51\libc.a(fixunssfsi.o)
                              main.o (__fixunssfsi)
c:/winavr-20100110/bin/../lib/gcc/avr/4.3.3/../../../../avr/lib/avr51\libc.a(floatsisf.o)
                              main.o (__floatunsisf)
c:/winavr-20100110/bin/../lib/gcc/avr/4.3.3/../../../../avr/lib/avr51\libc.a(floor.o)
                              VdmBasicTypes.o (floor)
c:/winavr-20100110/bin/../lib/gcc/avr/4.3.3/../../../../avr/lib/avr51\libc.a(fp_cmp.o)
                              c:/winavr-20100110/bin/../lib/gcc/avr/4.3.3/../../../../avr/lib/avr51\libc.a(cmpsf2.o) (__fp_cmp)
c:/winavr-20100110/bin/../lib/gcc/avr/4.3.3/../../../../avr/lib/avr51\libc.a(fp_inf.o)
                              c:/winavr-20100110/bin/../lib/gcc/avr/4.3.3/../../../../avr/lib/avr51\libc.a(addsf3x.o) (__fp_inf)
c:/winavr-20100110/bin/../lib/gcc/avr/4.3.3/../../../../avr/lib/avr51\libc.a(fp_mintl.o)
                              c:/winavr-20100110/bin/../lib/gcc/avr/4.3.3/../../../../avr/lib/avr51\libc.a(floor.o) (__fp_mintl)
c:/winavr-20100110/bin/../lib/gcc/avr/4.3.3/../../../../avr/lib/avr51\libc.a(fp_mpack.o)
                              c:/winavr-20100110/bin/../lib/gcc/avr/4.3.3/../../../../avr/lib/avr51\libc.a(floor.o) (__fp_mpack)
c:/winavr-20100110/bin/../lib/gcc/avr/4.3.3/../../../../avr/lib/avr51\libc.a(fp_nan.o)
                              c:/winavr-20100110/bin/../lib/gcc/avr/4.3.3/../../../../avr/lib/avr51\libc.a(addsf3x.o) (__fp_nan)
c:/winavr-20100110/bin/../lib/gcc/avr/4.3.3/../../../../avr/lib/avr51\libc.a(fp_pscA.o)
                              c:/winavr-20100110/bin/../lib/gcc/avr/4.3.3/../../../../avr/lib/avr51\libc.a(addsf3x.o) (__fp_pscA)
c:/winavr-20100110/bin/../lib/gcc/avr/4.3.3/../../../../avr/lib/avr51\libc.a(fp_pscB.o)
                              c:/winavr-20100110/bin/../lib/gcc/avr/4.3.3/../../../../avr/lib/avr51\libc.a(addsf3x.o) (__fp_pscB)
c:/winavr-20100110/bin/../lib/gcc/avr/4.3.3/../../../../avr/lib/avr51\libc.a(fp_round.o)
                              c:/winavr-20100110/bin/../lib/gcc/avr/4.3.3/../../../../avr/lib/avr51\libc.a(addsf3.o) (__fp_round)
c:/winavr-20100110/bin/../lib/gcc/avr/4.3.3/../../../../avr/lib/avr51\libc.a(fp_split3.o)
                              c:/winavr-20100110/bin/../lib/gcc/avr/4.3.3/../../../../avr/lib/avr51\libc.a(addsf3x.o) (__fp_split3)
c:/winavr-20100110/bin/../lib/gcc/avr/4.3.3/../../../../avr/lib/avr51\libc.a(fp_trunc.o)
                              c:/winavr-20100110/bin/../lib/gcc/avr/4.3.3/../../../../avr/lib/avr51\libc.a(floor.o) (__fp_trunc)
c:/winavr-20100110/bin/../lib/gcc/avr/4.3.3/../../../../avr/lib/avr51\libc.a(fp_zero.o)
                              c:/winavr-20100110/bin/../lib/gcc/avr/4.3.3/../../../../avr/lib/avr51\libc.a(addsf3x.o) (__fp_zero)
c:/winavr-20100110/bin/../lib/gcc/avr/4.3.3/../../../../avr/lib/avr51\libc.a(gesf2.o)
                              main.o (__gesf2)
c:/winavr-20100110/bin/../lib/gcc/avr/4.3.3/../../../../avr/lib/avr51\libc.a(mulsf3.o)
                              main.o (__mulsf3)
c:/winavr-20100110/bin/../lib/gcc/avr/4.3.3/../../../../avr/lib/avr51\libc.a(mulsf3x.o)
                              c:/winavr-20100110/bin/../lib/gcc/avr/4.3.3/../../../../avr/lib/avr51\libc.a(mulsf3.o) (__mulsf3x)
c:/winavr-20100110/bin/../lib/gcc/avr/4.3.3/../../../../avr/lib/avr51\libc.a(pow.o)
                              VdmBasicTypes.o (pow)
c:/winavr-20100110/bin/../lib/gcc/avr/4.3.3/../../../../avr/lib/avr51\libc.a(strrev.o)
                              c:/winavr-20100110/bin/../lib/gcc/avr/4.3.3/../../../../avr/lib/avr51\libc.a(itoa.o) (strrev)
c:/winavr-20100110/bin/../lib/gcc/avr/4.3.3/../../../../avr/lib/avr51\libc.a(exp.o)
                              c:/winavr-20100110/bin/../lib/gcc/avr/4.3.3/../../../../avr/lib/avr51\libc.a(pow.o) (exp)
c:/winavr-20100110/bin/../lib/gcc/avr/4.3.3/../../../../avr/lib/avr51\libc.a(fp_powser.o)
                              c:/winavr-20100110/bin/../lib/gcc/avr/4.3.3/../../../../avr/lib/avr51\libc.a(exp.o) (__fp_powser)
c:/winavr-20100110/bin/../lib/gcc/avr/4.3.3/../../../../avr/lib/avr51\libc.a(inverse.o)
                              c:/winavr-20100110/bin/../lib/gcc/avr/4.3.3/../../../../avr/lib/avr51\libc.a(exp.o) (inverse)
c:/winavr-20100110/bin/../lib/gcc/avr/4.3.3/../../../../avr/lib/avr51\libc.a(ldexp.o)
                              c:/winavr-20100110/bin/../lib/gcc/avr/4.3.3/../../../../avr/lib/avr51\libc.a(exp.o) (ldexp)
c:/winavr-20100110/bin/../lib/gcc/avr/4.3.3/../../../../avr/lib/avr51\libc.a(log.o)
                              c:/winavr-20100110/bin/../lib/gcc/avr/4.3.3/../../../../avr/lib/avr51\libc.a(pow.o) (log)
c:/winavr-20100110/bin/../lib/gcc/avr/4.3.3/../../../../avr/lib/avr51\libc.a(modf.o)
                              c:/winavr-20100110/bin/../lib/gcc/avr/4.3.3/../../../../avr/lib/avr51\libc.a(exp.o) (modf)
c:/winavr-20100110/bin/../lib/gcc/avr/4.3.3/avr51\libgcc.a(_mulsi3.o)
                              VdmBasicTypes.o (__mulsi3)
c:/winavr-20100110/bin/../lib/gcc/avr/4.3.3/avr51\libgcc.a(_udivmodhi4.o)
                              c:/winavr-20100110/bin/../lib/gcc/avr/4.3.3/../../../../avr/lib/avr51\libc.a(itoa.o) (__udivmodhi4)
c:/winavr-20100110/bin/../lib/gcc/avr/4.3.3/avr51\libgcc.a(_exit.o)
                              c:/winavr-20100110/bin/../lib/gcc/avr/4.3.3/../../../../avr/lib/avr51\libc.a(abort.o) (_exit)
c:/winavr-20100110/bin/../lib/gcc/avr/4.3.3/avr51\libgcc.a(_clear_bss.o)
                              BoolPort.o (__do_clear_bss)

Allocating common symbols
Common symbol       size              file

g_fmiCallbackFunctions
                    0x2               Fmu.o
__brkval            0x2               c:/winavr-20100110/bin/../lib/gcc/avr/4.3.3/../../../../avr/lib/avr51\libc.a(malloc.o)
fmiBuffer           0x40              Fmu.o
g_fmiInstanceName   0x2               Fmu.o
__flp               0x2               c:/winavr-20100110/bin/../lib/gcc/avr/4.3.3/../../../../avr/lib/avr51\libc.a(malloc.o)

Memory Configuration

Name             Origin             Length             Attributes
text             0x00000000         0x00020000         xr
data             0x00800060         0x0000ffa0         rw !x
eeprom           0x00810000         0x00010000         rw !x
fuse             0x00820000         0x00000400         rw !x
lock             0x00830000         0x00000400         rw !x
signature        0x00840000         0x00000400         rw !x
*default*        0x00000000         0xffffffff

Linker script and memory map

Address of section .data set to 0x800100
LOAD c:/winavr-20100110/bin/../lib/gcc/avr/4.3.3/../../../../avr/lib/avr51/crtm1284p.o
LOAD adcutil.o
LOAD main.o
LOAD BoolPort.o
LOAD Controller.o
LOAD Fmu.o
LOAD FmuModel.o
LOAD HardwareInterface.o
LOAD IntPort.o
LOAD Port.o
LOAD RealPort.o
LOAD RobotSensor.o
LOAD RobotServo.o
LOAD StringPort.o
LOAD System.o
LOAD World.o
LOAD CSVLib.o
LOAD IOLib.o
LOAD MATHLib.o
LOAD PatternBindMatch.o
LOAD PrettyPrint.o
LOAD TypedValue.o
LOAD VdmBasicTypes.o
LOAD VdmClass.o
LOAD VdmGC.o
LOAD VdmMap.o
LOAD VdmProduct.o
LOAD VdmSeq.o
LOAD VdmSet.o
LOAD VdmUnpackString.o
LOAD C:\Users\AU542988\Desktop\case-study_line_follower_robot\deployment\uart.o
LOAD c:/winavr-20100110/bin/../lib/gcc/avr/4.3.3/../../../../avr/lib/avr51\libc.a
LOAD c:/winavr-20100110/bin/../lib/gcc/avr/4.3.3/../../../../avr/lib/avr51\libm.a
LOAD c:/winavr-20100110/bin/../lib/gcc/avr/4.3.3/avr51\libgcc.a
LOAD c:/winavr-20100110/bin/../lib/gcc/avr/4.3.3/../../../../avr/lib/avr51\libc.a
LOAD c:/winavr-20100110/bin/../lib/gcc/avr/4.3.3/avr51\libgcc.a

.hash
 *(.hash)

.dynsym
 *(.dynsym)

.dynstr
 *(.dynstr)

.gnu.version
 *(.gnu.version)

.gnu.version_d
 *(.gnu.version_d)

.gnu.version_r
 *(.gnu.version_r)

.rel.init
 *(.rel.init)

.rela.init
 *(.rela.init)

.rel.text
 *(.rel.text)
 *(.rel.text.*)
 *(.rel.gnu.linkonce.t*)

.rela.text
 *(.rela.text)
 *(.rela.text.*)
 *(.rela.gnu.linkonce.t*)

.rel.fini
 *(.rel.fini)

.rela.fini
 *(.rela.fini)

.rel.rodata
 *(.rel.rodata)
 *(.rel.rodata.*)
 *(.rel.gnu.linkonce.r*)

.rela.rodata
 *(.rela.rodata)
 *(.rela.rodata.*)
 *(.rela.gnu.linkonce.r*)

.rel.data
 *(.rel.data)
 *(.rel.data.*)
 *(.rel.gnu.linkonce.d*)

.rela.data
 *(.rela.data)
 *(.rela.data.*)
 *(.rela.gnu.linkonce.d*)

.rel.ctors
 *(.rel.ctors)

.rela.ctors
 *(.rela.ctors)

.rel.dtors
 *(.rel.dtors)

.rela.dtors
 *(.rela.dtors)

.rel.got
 *(.rel.got)

.rela.got
 *(.rela.got)

.rel.bss
 *(.rel.bss)

.rela.bss
 *(.rela.bss)

.rel.plt
 *(.rel.plt)

.rela.plt
 *(.rela.plt)

.text           0x00000000     0xe58a
 *(.vectors)
 .vectors       0x00000000       0x8c c:/winavr-20100110/bin/../lib/gcc/avr/4.3.3/../../../../avr/lib/avr51/crtm1284p.o
                0x00000000                __vectors
                0x00000000                __vector_default
 *(.vectors)
 *(.progmem.gcc*)
 .progmem.gcc_fplib
                0x0000008c       0x28 c:/winavr-20100110/bin/../lib/gcc/avr/4.3.3/../../../../avr/lib/avr51\libc.a(exp.o)
 .progmem.gcc_fplib
                0x000000b4       0x5a c:/winavr-20100110/bin/../lib/gcc/avr/4.3.3/../../../../avr/lib/avr51\libc.a(log.o)
 *(.progmem*)
 .progmem.data  0x0000010e       0x58 main.o
                0x00000166                . = ALIGN (0x2)
                0x00000166                __trampolines_start = .
 *(.trampolines)
 .trampolines   0x00000166        0x0 linker stubs
 *(.trampolines*)
                0x00000166                __trampolines_end = .
 *(.jumptables)
 *(.jumptables*)
 *(.lowtext)
 *(.lowtext*)
                0x00000166                __ctors_start = .
 *(.ctors)
                0x00000166                __ctors_end = .
                0x00000166                __dtors_start = .
 *(.dtors)
                0x00000166                __dtors_end = .
 SORT(*)(.ctors)
 SORT(*)(.dtors)
 *(.init0)
 .init0         0x00000166        0x0 c:/winavr-20100110/bin/../lib/gcc/avr/4.3.3/../../../../avr/lib/avr51/crtm1284p.o
                0x00000166                __init
 *(.init0)
 *(.init1)
 *(.init1)
 *(.init2)
 .init2         0x00000166        0xc c:/winavr-20100110/bin/../lib/gcc/avr/4.3.3/../../../../avr/lib/avr51/crtm1284p.o
 *(.init2)
 *(.init3)
 *(.init3)
 *(.init4)
 .init4         0x00000172       0x1a c:/winavr-20100110/bin/../lib/gcc/avr/4.3.3/../../../../avr/lib/avr51/crtm1284p.o
                0x00000172                __do_copy_data
 .init4         0x0000018c       0x10 c:/winavr-20100110/bin/../lib/gcc/avr/4.3.3/avr51\libgcc.a(_clear_bss.o)
                0x0000018c                __do_clear_bss
 *(.init4)
 *(.init5)
 *(.init5)
 *(.init6)
 *(.init6)
 *(.init7)
 *(.init7)
 *(.init8)
 *(.init8)
 *(.init9)
 .init9         0x0000019c        0x8 c:/winavr-20100110/bin/../lib/gcc/avr/4.3.3/../../../../avr/lib/avr51/crtm1284p.o
 *(.init9)
 *(.text)
 .text          0x000001a4        0x4 c:/winavr-20100110/bin/../lib/gcc/avr/4.3.3/../../../../avr/lib/avr51/crtm1284p.o
                0x000001a4                __vector_22
                0x000001a4                __vector_1
                0x000001a4                __vector_32
                0x000001a4                __vector_34
                0x000001a4                __vector_24
                0x000001a4                __vector_12
                0x000001a4                __bad_interrupt
                0x000001a4                __vector_6
                0x000001a4                __vector_31
                0x000001a4                __vector_3
                0x000001a4                __vector_23
                0x000001a4                __vector_30
                0x000001a4                __vector_25
                0x000001a4                __vector_11
                0x000001a4                __vector_13
                0x000001a4                __vector_17
                0x000001a4                __vector_19
                0x000001a4                __vector_7
                0x000001a4                __vector_27
                0x000001a4                __vector_5
                0x000001a4                __vector_33
                0x000001a4                __vector_4
                0x000001a4                __vector_9
                0x000001a4                __vector_2
                0x000001a4                __vector_15
                0x000001a4                __vector_8
                0x000001a4                __vector_26
                0x000001a4                __vector_14
                0x000001a4                __vector_10
                0x000001a4                __vector_16
                0x000001a4                __vector_18
 .text          0x000001a8       0x82 adcutil.o
                0x000001a8                InitADC
                0x000001c6                ReadADC
 .text          0x0000022a      0x566 main.o
                0x00000238                uart_initialization
                0x0000022a                fmuLoggerCache
                0x0000031e                main
                0x000002a2                do_one_serial_echo
 .text          0x00000790      0x384 BoolPort.o
                0x00000790                BoolPort_free_fields
                0x00000a58                _Z8BoolPortEB
                0x000008f4                BoolPort_static_init
                0x0000093e                BoolPort_Constructor
                0x00000acc                _Z8BoolPortEV
                0x000008e6                BoolPort_const_shutdown
                0x000008d8                BoolPort_const_init
                0x00000902                BoolPort_static_shutdown
 .text          0x00000b14      0xbe2 Controller.o
                0x0000145a                Controller_Constructor
                0x0000143e                Controller_static_init
                0x0000144c                Controller_static_shutdown
                0x00000b14                Controller_free_fields
                0x00001424                Controller_const_shutdown
                0x0000140a                Controller_const_init
                0x00001542                _Z10ControllerE10CRobotServo10CRobotServo11CRobotSensor11CRobotSensor
                0x000016ae                _Z10ControllerEV
 .text          0x000016f6      0xace Fmu.o
                0x00001f74                fmi2SetRealInputDerivatives
                0x000018d8                fmi2ExitInitializationMode
                0x00001fba                fmi2GetRealOutputDerivatives
                0x00002182                fmi2GetMaxStepsize
                0x00002152                fmi2GetStringStatus
                0x00001e4c                fmi2FreeFMUstate
                0x00001dc6                fmi2SetString
                0x00001910                fmi2Reset
                0x00001e72                fmi2SerializedFMUstateSize
                0x00001b98                fmi2GetString
                0x00002000                fmi2CancelStep
                0x00001edc                fmi2DeSerializeFMUstate
                0x000018f4                fmi2Terminate
                0x000020f2                fmi2GetIntegerStatus
                0x000018bc                fmi2EnterInitializationMode
                0x00001e00                fmi2GetFMUstate
                0x00001ea2                fmi2SerializeFMUstate
                0x00001c84                fmi2SetInteger
                0x0000201c                fmi2DoStep
                0x00001bd2                fmi2SetReal
                0x00001a56                fmi2GetInteger
                0x000020c2                fmi2GetRealStatus
                0x00001f16                fmi2GetDirectionalDerivative
                0x00001af8                fmi2GetBoolean
                0x00002122                fmi2GetBooleanStatus
                0x0000195a                fmi2GetTypesPlatform
                0x00001e26                fmi2SetFMUstate
                0x0000196c                fmi2SetDebugLogging
                0x00002092                fmi2GetStatus
                0x00001d26                fmi2SetBoolean
                0x000019a6                fmi2GetReal
                0x000016f6                fmi2Instantiate
                0x0000192c                fmi2FreeInstance
                0x00001846                fmi2SetupExperiment
                0x00001948                fmi2GetVersion
 .text          0x000021c4      0xa42 FmuModel.o
                0x000021c4                syncInputsToModel
                0x000024c8                syncOutputsToBuffers
                0x0000277c                systemDeInit
                0x00002bb0                systemMain
                0x00002678                systemInit
                0x000025d4                periodic_taskg_System_controller__Z12control_loopEV
                0x000027f2                vdmStep
 .text          0x00002c06      0x488 HardwareInterface.o
                0x00002ed4                HardwareInterface_const_shutdown
                0x00002e96                HardwareInterface_const_init
                0x00003046                _Z17HardwareInterfaceEV
                0x00002f12                HardwareInterface_static_init
                0x00002f20                HardwareInterface_static_shutdown
                0x00002f2e                HardwareInterface_Constructor
                0x00002c06                HardwareInterface_free_fields
 .text          0x0000308e      0x386 IntPort.o
                0x000033cc                _Z7IntPortEV
                0x000031f4                IntPort_static_init
                0x0000308e                IntPort_free_fields
                0x000031d8                IntPort_const_init
                0x00003358                _Z7IntPortEI
                0x00003202                IntPort_static_shutdown
                0x000031e6                IntPort_const_shutdown
                0x0000323e                IntPort_Constructor
 .text          0x00003414      0x220 Port.o
                0x00003508                Port_static_init
                0x00003524                Port_Constructor
                0x00003414                Port_free_fields
                0x000034ee                Port_const_shutdown
                0x000034d4                Port_const_init
                0x00003516                Port_static_shutdown
                0x000035ec                _Z4PortEV
 .text          0x00003634      0x38a RealPort.o
                0x00003782                RealPort_const_init
                0x0000379e                RealPort_static_init
                0x000037e8                RealPort_Constructor
                0x00003902                _Z8RealPortER
                0x00003976                _Z8RealPortEV
                0x000037ac                RealPort_static_shutdown
                0x00003790                RealPort_const_shutdown
                0x00003634                RealPort_free_fields
 .text          0x000039be      0x316 RobotSensor.o
                0x00003ad0                RobotSensor_const_init
                0x00003b12                RobotSensor_static_shutdown
                0x00003c8c                _Z11RobotSensorEV
                0x00003aea                RobotSensor_const_shutdown
                0x00003bec                _Z11RobotSensorE8CRealPort
                0x00003b04                RobotSensor_static_init
                0x00003b20                RobotSensor_Constructor
                0x000039be                RobotSensor_free_fields
 .text          0x00003cd4      0x31c RobotServo.o
                0x00003e1c                RobotServo_static_init
                0x00003fa8                _Z10RobotServoEV
                0x00003e2a                RobotServo_static_shutdown
                0x00003e02                RobotServo_const_shutdown
                0x00003f08                _Z10RobotServoE8CRealPort
                0x00003cd4                RobotServo_free_fields
                0x00003de8                RobotServo_const_init
                0x00003e38                RobotServo_Constructor
 .text          0x00003ff0      0x39c StringPort.o
                0x0000416c                StringPort_static_init
                0x0000417a                StringPort_static_shutdown
                0x00004150                StringPort_const_init
                0x000041b6                StringPort_Constructor
                0x00003ff0                StringPort_free_fields
                0x0000415e                StringPort_const_shutdown
                0x00004344                _Z10StringPortEV
                0x000042d0                _Z10StringPortE1QC
 .text          0x0000438c      0x37c System.o
                0x0000438c                System_free_fields
                0x0000444e                System_const_init
                0x00004482                System_static_init
                0x00004468                System_const_shutdown
                0x00004596                _Z6SystemEV
                0x000044a8                System_static_shutdown
                0x000044ce                System_Constructor
 .text          0x00004708      0x22a World.o
                0x00004822                World_Constructor
                0x00004806                World_static_init
                0x000047d2                World_const_init
                0x000048ea                _Z5WorldEV
                0x000047ec                World_const_shutdown
                0x00004708                World_free_fields
                0x00004814                World_static_shutdown
 .text          0x00004932        0x0 CSVLib.o
 .text          0x00004932        0x0 IOLib.o
 .text          0x00004932        0x0 MATHLib.o
 .text          0x00004932        0x0 PatternBindMatch.o
 .text          0x00004932        0x0 PrettyPrint.o
 .text          0x00004932     0x12da TypedValue.o
                0x00004ffa                newCollectionWithValuesGC
                0x00004d28                newCollectionGC
                0x0000541e                equals
                0x00005b08                vdmEquals
                0x00004aca                newQuote
                0x00005910                vdmFree
                0x000049a8                newInt
                0x00005654                collectionEqual
                0x00005bbe                vdmInEqualsGC
                0x00004e8e                newCollectionWithValues
                0x00004b12                newToken
                0x00004de6                newCollectionPreallocGC
                0x00004a8a                newChar
                0x00005b3c                vdmEqualsGC
                0x00004bd6                newCollection
                0x000050b4                vdmCollectionSize
                0x0000573c                vdmFree_GCInternal
                0x00005106                vdmCollectionIndex
                0x00004932                newTypeValue
                0x00005b80                vdmInEquals
                0x000049f0                newBool
                0x00004f40                newCollectionWithValuesPrealloc
                0x00004c8a                newCollectionPrealloc
                0x00005196                vdmClone
                0x00004a30                newReal
 .text          0x00005c0c     0x3386 VdmBasicTypes.o
                0x0000717c                vdmProduct
                0x0000871a                vdmGreaterThan
                0x00007c12                vdmRemGC
                0x00008938                vdmGreaterOrEqual
                0x00006644                toInteger
                0x00006372                isNumber
                0x00006404                isIntGC
                0x00008b56                vdmLessThan
                0x000078fe                vdmDivGC
                0x00006e54                vdmDifference
                0x00008d74                vdmLessOrEqual
                0x00006156                vdmImpliesGC
                0x0000645e                isReal
                0x00005ccc                vdmAnd
                0x000064a4                isRealGC
                0x000065a2                toDouble
                0x00006aca                vdmFloorGC
                0x00007798                vdmDiv
                0x00006a78                vdmFloor
                0x000067b8                vdmMinusGC
                0x000084fc                vdmNumericEqual
                0x00005e9a                vdmOrGC
                0x000083e8                vdmPowerGC
                0x00006500                isBool
                0x000063c0                isInt
                0x00005c64                vdmNotGC
                0x000082de                vdmPower
                0x00006cb8                vdmSumGC
                0x00008824                vdmGreaterThanGC
                0x000074a4                vdmDivision
                0x000066ee                vdmMinus
                0x00005d60                vdmAndGC
                0x000062b4                vdmBiimplicationGC
                0x00006fe0                vdmDifferenceGC
                0x000075aa                vdmDivisionGC
                0x00008a42                vdmGreaterOrEqualGC
                0x00005ffc                vdmXorGC
                0x00006546                isBoolGC
                0x00008046                vdmModGC
                0x00006b2c                vdmSum
                0x00007dc0                vdmMod
                0x00006898                vdmAbs
                0x00007308                vdmProductGC
                0x00008e7e                vdmLessOrEqualGC
                0x00008606                vdmNumericEqualGC
                0x00006200                vdmBiimplication
                0x00006980                vdmAbsGC
                0x00007a6e                vdmRem
                0x000066be                toBool
                0x00008c60                vdmLessThanGC
                0x000060c2                vdmImplies
                0x00005f40                vdmXor
                0x00005c0c                vdmNot
                0x00005e0a                vdmOr
 .text          0x00008f92       0x94 VdmClass.o
                0x00008f92                newClassValue
 .text          0x00009026      0xa54 VdmGC.o
                0x0000960c                newRealGC
                0x000097e8                vdmCloneGC
                0x000092d6                vdm_gc_shutdown
                0x00009360                vdm_gc
                0x00009122                remove_allocd_mem_node_by_location
                0x00009670                newCharGC
                0x00009026                vdm_gc_init
                0x000095ba                newBoolGC
                0x000096c2                newQuoteGC
                0x00009202                remove_allocd_mem_node
                0x00009562                newIntGC
                0x000094e2                newTypeValueGC
                0x0000907c                add_allocd_mem_node
                0x0000971a                newTokenGC
 .text          0x00009a7a        0x0 VdmMap.o
 .text          0x00009a7a        0x0 VdmProduct.o
 .text          0x00009a7a     0x11c8 VdmSeq.o
                0x0000a010                vdmSeqTl
                0x0000a8b4                vdmSeqReverseGC
                0x0000a222                vdmSeqLenGC
                0x0000aa7a                vdmSeqIndexGC
                0x0000a0f0                vdmSeqTlGC
                0x00009f64                vdmSeqHd
                0x0000a4f0                vdmSeqConc
                0x0000a65a                vdmSeqConcGC
                0x00009b30                newSeqWithValues
                0x00009b64                newSeqVar
                0x0000a348                vdmSeqInds
                0x00009ad8                newSeq
                0x00009e56                vdmSeqGrow
                0x0000a9a4                vdmSeqIndex
                0x00009d46                newSeqVarToGrow
                0x00009f04                vdmSeqFit
                0x0000a2da                vdmSeqElemsGC
                0x0000a7ce                vdmSeqReverse
                0x0000a1da                vdmSeqLen
                0x00009fb2                vdmSeqHdGC
                0x0000a418                vdmSeqIndsGC
                0x00009c54                newSeqVarGC
                0x0000ab5a                vdmSeqUpdate
                0x0000a27a                vdmSeqElems
 .text          0x0000ac42     0x25ce VdmSet.o
                0x0000ca86                vdmSetDunionGC
                0x0000bdf4                vdmSetInter
                0x0000cbb2                vdmSetDinter
                0x0000ba18                vdmSetUnion
                0x0000c264                vdmSetDifferenceGC
                0x0000c91a                vdmSetCardGC
                0x0000b566                vdmSetEnumerateSetOfInts
                0x0000ae62                newSetWithValuesGC
                0x0000c762                vdmSetEquals
                0x0000c3de                vdmSetSubset
                0x0000cdd4                vdmSetPower
                0x0000b86a                vdmSetMemberOfGC
                0x0000c870                vdmSetNotEqualsGC
                0x0000c972                vdmSetDunion
                0x0000b6b6                vdmSetElementAt
                0x0000c6b2                vdmSetProperSubsetGC
                0x0000c81c                vdmSetNotEquals
                0x0000c8d2                vdmSetCard
                0x0000b0f2                newSetVarGC
                0x0000b23c                newSetVarToGrow
                0x0000b92e                vdmSetNotMemberOf
                0x0000ccbe                vdmSetDinterGC
                0x0000c0f4                vdmSetDifference
                0x0000b7b0                vdmSetMemberOf
                0x0000b99e                vdmSetNotMemberOfGC
                0x0000bf6c                vdmSetInterGC
                0x0000b72e                vdmSetElementAtGC
                0x0000c4ec                vdmSetSubsetGC
                0x0000bc02                vdmSetUnionGC
                0x0000b346                newSetVarToGrowGC
                0x0000c610                vdmSetProperSubset
                0x0000b506                vdmSetFit
                0x0000b456                vdmSetGrow
                0x0000ad20                newSetWithValues
                0x0000cfee                vdmSetPowerGC
                0x0000afae                newSetVar
 .text          0x0000d210       0xe8 VdmUnpackString.o
                0x0000d210                unpackString
 .text          0x0000d2f8        0x0 C:\Users\AU542988\Desktop\case-study_line_follower_robot\deployment\uart.o
 .text          0x0000d2f8        0x0 c:/winavr-20100110/bin/../lib/gcc/avr/4.3.3/../../../../avr/lib/avr51\libc.a(calloc.o)
 .text          0x0000d2f8        0x0 c:/winavr-20100110/bin/../lib/gcc/avr/4.3.3/../../../../avr/lib/avr51\libc.a(malloc.o)
 .text          0x0000d2f8        0x0 c:/winavr-20100110/bin/../lib/gcc/avr/4.3.3/../../../../avr/lib/avr51\libc.a(realloc.o)
 .text          0x0000d2f8        0x0 c:/winavr-20100110/bin/../lib/gcc/avr/4.3.3/../../../../avr/lib/avr51\libc.a(abort.o)
 .text          0x0000d2f8        0x0 c:/winavr-20100110/bin/../lib/gcc/avr/4.3.3/../../../../avr/lib/avr51\libc.a(exit.o)
 .text          0x0000d2f8        0x0 c:/winavr-20100110/bin/../lib/gcc/avr/4.3.3/../../../../avr/lib/avr51\libc.a(memcpy.o)
 .text          0x0000d2f8        0x0 c:/winavr-20100110/bin/../lib/gcc/avr/4.3.3/../../../../avr/lib/avr51\libc.a(memset.o)
 .text          0x0000d2f8        0x0 c:/winavr-20100110/bin/../lib/gcc/avr/4.3.3/../../../../avr/lib/avr51\libc.a(strcmp.o)
 .text          0x0000d2f8        0x0 c:/winavr-20100110/bin/../lib/gcc/avr/4.3.3/../../../../avr/lib/avr51\libc.a(strcpy.o)
 .text          0x0000d2f8        0x0 c:/winavr-20100110/bin/../lib/gcc/avr/4.3.3/../../../../avr/lib/avr51\libc.a(strlen.o)
 .text          0x0000d2f8        0x0 c:/winavr-20100110/bin/../lib/gcc/avr/4.3.3/../../../../avr/lib/avr51\libc.a(itoa.o)
 .text          0x0000d2f8        0x0 c:/winavr-20100110/bin/../lib/gcc/avr/4.3.3/../../../../avr/lib/avr51\libc.a(addsf3.o)
 .text          0x0000d2f8        0x0 c:/winavr-20100110/bin/../lib/gcc/avr/4.3.3/../../../../avr/lib/avr51\libc.a(addsf3x.o)
 .text          0x0000d2f8        0x0 c:/winavr-20100110/bin/../lib/gcc/avr/4.3.3/../../../../avr/lib/avr51\libc.a(cmpsf2.o)
 .text          0x0000d2f8        0x0 c:/winavr-20100110/bin/../lib/gcc/avr/4.3.3/../../../../avr/lib/avr51\libc.a(divsf3.o)
 .text          0x0000d2f8        0x0 c:/winavr-20100110/bin/../lib/gcc/avr/4.3.3/../../../../avr/lib/avr51\libc.a(divsf3x.o)
 .text          0x0000d2f8        0x0 c:/winavr-20100110/bin/../lib/gcc/avr/4.3.3/../../../../avr/lib/avr51\libc.a(fixsfsi.o)
 .text          0x0000d2f8        0x0 c:/winavr-20100110/bin/../lib/gcc/avr/4.3.3/../../../../avr/lib/avr51\libc.a(fixunssfsi.o)
 .text          0x0000d2f8        0x0 c:/winavr-20100110/bin/../lib/gcc/avr/4.3.3/../../../../avr/lib/avr51\libc.a(floatsisf.o)
 .text          0x0000d2f8        0x0 c:/winavr-20100110/bin/../lib/gcc/avr/4.3.3/../../../../avr/lib/avr51\libc.a(floor.o)
 .text          0x0000d2f8        0x0 c:/winavr-20100110/bin/../lib/gcc/avr/4.3.3/../../../../avr/lib/avr51\libc.a(fp_cmp.o)
 .text          0x0000d2f8        0x0 c:/winavr-20100110/bin/../lib/gcc/avr/4.3.3/../../../../avr/lib/avr51\libc.a(fp_inf.o)
 .text          0x0000d2f8        0x0 c:/winavr-20100110/bin/../lib/gcc/avr/4.3.3/../../../../avr/lib/avr51\libc.a(fp_mintl.o)
 .text          0x0000d2f8        0x0 c:/winavr-20100110/bin/../lib/gcc/avr/4.3.3/../../../../avr/lib/avr51\libc.a(fp_mpack.o)
 .text          0x0000d2f8        0x0 c:/winavr-20100110/bin/../lib/gcc/avr/4.3.3/../../../../avr/lib/avr51\libc.a(fp_nan.o)
 .text          0x0000d2f8        0x0 c:/winavr-20100110/bin/../lib/gcc/avr/4.3.3/../../../../avr/lib/avr51\libc.a(fp_pscA.o)
 .text          0x0000d2f8        0x0 c:/winavr-20100110/bin/../lib/gcc/avr/4.3.3/../../../../avr/lib/avr51\libc.a(fp_pscB.o)
 .text          0x0000d2f8        0x0 c:/winavr-20100110/bin/../lib/gcc/avr/4.3.3/../../../../avr/lib/avr51\libc.a(fp_round.o)
 .text          0x0000d2f8        0x0 c:/winavr-20100110/bin/../lib/gcc/avr/4.3.3/../../../../avr/lib/avr51\libc.a(fp_split3.o)
 .text          0x0000d2f8        0x0 c:/winavr-20100110/bin/../lib/gcc/avr/4.3.3/../../../../avr/lib/avr51\libc.a(fp_trunc.o)
 .text          0x0000d2f8        0x0 c:/winavr-20100110/bin/../lib/gcc/avr/4.3.3/../../../../avr/lib/avr51\libc.a(fp_zero.o)
 .text          0x0000d2f8        0x0 c:/winavr-20100110/bin/../lib/gcc/avr/4.3.3/../../../../avr/lib/avr51\libc.a(gesf2.o)
 .text          0x0000d2f8        0x0 c:/winavr-20100110/bin/../lib/gcc/avr/4.3.3/../../../../avr/lib/avr51\libc.a(mulsf3.o)
 .text          0x0000d2f8        0x0 c:/winavr-20100110/bin/../lib/gcc/avr/4.3.3/../../../../avr/lib/avr51\libc.a(mulsf3x.o)
 .text          0x0000d2f8        0x0 c:/winavr-20100110/bin/../lib/gcc/avr/4.3.3/../../../../avr/lib/avr51\libc.a(pow.o)
 .text          0x0000d2f8        0x0 c:/winavr-20100110/bin/../lib/gcc/avr/4.3.3/../../../../avr/lib/avr51\libc.a(strrev.o)
 .text          0x0000d2f8        0x0 c:/winavr-20100110/bin/../lib/gcc/avr/4.3.3/../../../../avr/lib/avr51\libc.a(exp.o)
 .text          0x0000d2f8        0x0 c:/winavr-20100110/bin/../lib/gcc/avr/4.3.3/../../../../avr/lib/avr51\libc.a(fp_powser.o)
 .text          0x0000d2f8        0x0 c:/winavr-20100110/bin/../lib/gcc/avr/4.3.3/../../../../avr/lib/avr51\libc.a(inverse.o)
 .text          0x0000d2f8        0x0 c:/winavr-20100110/bin/../lib/gcc/avr/4.3.3/../../../../avr/lib/avr51\libc.a(ldexp.o)
 .text          0x0000d2f8        0x0 c:/winavr-20100110/bin/../lib/gcc/avr/4.3.3/../../../../avr/lib/avr51\libc.a(log.o)
 .text          0x0000d2f8        0x0 c:/winavr-20100110/bin/../lib/gcc/avr/4.3.3/../../../../avr/lib/avr51\libc.a(modf.o)
 .text          0x0000d2f8        0x0 c:/winavr-20100110/bin/../lib/gcc/avr/4.3.3/avr51\libgcc.a(_mulsi3.o)
 .text          0x0000d2f8        0x0 c:/winavr-20100110/bin/../lib/gcc/avr/4.3.3/avr51\libgcc.a(_udivmodhi4.o)
 .text          0x0000d2f8        0x0 c:/winavr-20100110/bin/../lib/gcc/avr/4.3.3/avr51\libgcc.a(_exit.o)
 .text          0x0000d2f8        0x0 c:/winavr-20100110/bin/../lib/gcc/avr/4.3.3/avr51\libgcc.a(_clear_bss.o)
                0x0000d2f8                . = ALIGN (0x2)
 *(.text.*)
 .text.__vector_20
                0x0000d2f8       0xa6 C:\Users\AU542988\Desktop\case-study_line_follower_robot\deployment\uart.o
                0x0000d2f8                __vector_20
 .text.__vector_21
                0x0000d39e       0x92 C:\Users\AU542988\Desktop\case-study_line_follower_robot\deployment\uart.o
                0x0000d39e                __vector_21
 .text.uart_init
                0x0000d430       0x6a C:\Users\AU542988\Desktop\case-study_line_follower_robot\deployment\uart.o
                0x0000d430                uart_init
 .text.uart_getc
                0x0000d49a       0x68 C:\Users\AU542988\Desktop\case-study_line_follower_robot\deployment\uart.o
                0x0000d49a                uart_getc
 .text.uart_putc
                0x0000d502       0x54 C:\Users\AU542988\Desktop\case-study_line_follower_robot\deployment\uart.o
                0x0000d502                uart_putc
 .text.uart_puts
                0x0000d556       0x3c C:\Users\AU542988\Desktop\case-study_line_follower_robot\deployment\uart.o
                0x0000d556                uart_puts
 .text.uart_puts_p
                0x0000d592       0x52 C:\Users\AU542988\Desktop\case-study_line_follower_robot\deployment\uart.o
                0x0000d592                uart_puts_p
 .text.__vector_28
                0x0000d5e4       0xa6 C:\Users\AU542988\Desktop\case-study_line_follower_robot\deployment\uart.o
                0x0000d5e4                __vector_28
 .text.__vector_29
                0x0000d68a       0x92 C:\Users\AU542988\Desktop\case-study_line_follower_robot\deployment\uart.o
                0x0000d68a                __vector_29
 .text.uart1_init
                0x0000d71c       0x6a C:\Users\AU542988\Desktop\case-study_line_follower_robot\deployment\uart.o
                0x0000d71c                uart1_init
 .text.uart1_getc
                0x0000d786       0x70 C:\Users\AU542988\Desktop\case-study_line_follower_robot\deployment\uart.o
                0x0000d786                uart1_getc
 .text.uart1_putc
                0x0000d7f6       0x54 C:\Users\AU542988\Desktop\case-study_line_follower_robot\deployment\uart.o
                0x0000d7f6                uart1_putc
 .text.uart1_puts
                0x0000d84a       0x3c C:\Users\AU542988\Desktop\case-study_line_follower_robot\deployment\uart.o
                0x0000d84a                uart1_puts
 .text.uart1_puts_p
                0x0000d886       0x52 C:\Users\AU542988\Desktop\case-study_line_follower_robot\deployment\uart.o
                0x0000d886                uart1_puts_p
 .text.avr-libc
                0x0000d8d8       0x38 c:/winavr-20100110/bin/../lib/gcc/avr/4.3.3/../../../../avr/lib/avr51\libc.a(calloc.o)
                0x0000d8d8                calloc
 .text.avr-libc
                0x0000d910      0x20a c:/winavr-20100110/bin/../lib/gcc/avr/4.3.3/../../../../avr/lib/avr51\libc.a(malloc.o)
                0x0000d910                malloc
                0x0000da6a                free
 .text.avr-libc
                0x0000db1a      0x1b8 c:/winavr-20100110/bin/../lib/gcc/avr/4.3.3/../../../../avr/lib/avr51\libc.a(realloc.o)
                0x0000db1a                realloc
 .text.avr-libc
                0x0000dcd2        0xa c:/winavr-20100110/bin/../lib/gcc/avr/4.3.3/../../../../avr/lib/avr51\libc.a(abort.o)
                0x0000dcd2                abort
 .text.avr-libc
                0x0000dcdc        0x6 c:/winavr-20100110/bin/../lib/gcc/avr/4.3.3/../../../../avr/lib/avr51\libc.a(exit.o)
                0x0000dcdc                exit
 .text.avr-libc
                0x0000dce2       0x12 c:/winavr-20100110/bin/../lib/gcc/avr/4.3.3/../../../../avr/lib/avr51\libc.a(memcpy.o)
                0x0000dce2                memcpy
 .text.avr-libc
                0x0000dcf4        0xe c:/winavr-20100110/bin/../lib/gcc/avr/4.3.3/../../../../avr/lib/avr51\libc.a(memset.o)
                0x0000dcf4                memset
 .text.avr-libc
                0x0000dd02       0x12 c:/winavr-20100110/bin/../lib/gcc/avr/4.3.3/../../../../avr/lib/avr51\libc.a(strcmp.o)
                0x0000dd02                strcmp
 .text.avr-libc
                0x0000dd14        0xe c:/winavr-20100110/bin/../lib/gcc/avr/4.3.3/../../../../avr/lib/avr51\libc.a(strcpy.o)
                0x0000dd14                strcpy
 .text.avr-libc
                0x0000dd22       0x12 c:/winavr-20100110/bin/../lib/gcc/avr/4.3.3/../../../../avr/lib/avr51\libc.a(strlen.o)
                0x0000dd22                strlen
 .text.avr-libc
                0x0000dd34       0x42 c:/winavr-20100110/bin/../lib/gcc/avr/4.3.3/../../../../avr/lib/avr51\libc.a(itoa.o)
                0x0000dd34                itoa
 .text.avr-libc.fplib
                0x0000dd76        0xa c:/winavr-20100110/bin/../lib/gcc/avr/4.3.3/../../../../avr/lib/avr51\libc.a(addsf3.o)
                0x0000dd76                __subsf3
                0x0000dd78                __addsf3
 .text.avr-libc.fplib
                0x0000dd80       0xc0 c:/winavr-20100110/bin/../lib/gcc/avr/4.3.3/../../../../avr/lib/avr51\libc.a(addsf3x.o)
                0x0000dd9a                __addsf3x
 .text.avr-libc.fplib
                0x0000de40        0x8 c:/winavr-20100110/bin/../lib/gcc/avr/4.3.3/../../../../avr/lib/avr51\libc.a(cmpsf2.o)
                0x0000de40                __lesf2
                0x0000de40                __nesf2
                0x0000de40                __eqsf2
                0x0000de40                __cmpsf2
                0x0000de40                __ltsf2
 .text.avr-libc.fplib
                0x0000de48        0x4 c:/winavr-20100110/bin/../lib/gcc/avr/4.3.3/../../../../avr/lib/avr51\libc.a(divsf3.o)
                0x0000de48                __divsf3
 .text.avr-libc.fplib
                0x0000de4c       0xcc c:/winavr-20100110/bin/../lib/gcc/avr/4.3.3/../../../../avr/lib/avr51\libc.a(divsf3x.o)
                0x0000de62                __divsf3x
                0x0000de66                __divsf3_pse
 .text.avr-libc.fplib
                0x0000df18        0xa c:/winavr-20100110/bin/../lib/gcc/avr/4.3.3/../../../../avr/lib/avr51\libc.a(fixsfsi.o)
                0x0000df18                __fixsfsi
 .text.avr-libc.fplib
                0x0000df22       0x58 c:/winavr-20100110/bin/../lib/gcc/avr/4.3.3/../../../../avr/lib/avr51\libc.a(fixunssfsi.o)
                0x0000df22                __fixunssfsi
 .text.avr-libc.fplib
                0x0000df7a       0x7a c:/winavr-20100110/bin/../lib/gcc/avr/4.3.3/../../../../avr/lib/avr51\libc.a(floatsisf.o)
                0x0000df7e                __floatsisf
                0x0000df7a                __floatunsisf
 .text.avr-libc.fplib
                0x0000dff4       0x26 c:/winavr-20100110/bin/../lib/gcc/avr/4.3.3/../../../../avr/lib/avr51\libc.a(floor.o)
                0x0000dff4                floor
 .text.avr-libc.fplib
                0x0000e01a       0x48 c:/winavr-20100110/bin/../lib/gcc/avr/4.3.3/../../../../avr/lib/avr51\libc.a(fp_cmp.o)
                0x0000e01a                __fp_cmp
 .text.avr-libc.fplib
                0x0000e062        0xc c:/winavr-20100110/bin/../lib/gcc/avr/4.3.3/../../../../avr/lib/avr51\libc.a(fp_inf.o)
                0x0000e062                __fp_inf
 .text.avr-libc.fplib
                0x0000e06e       0x36 c:/winavr-20100110/bin/../lib/gcc/avr/4.3.3/../../../../avr/lib/avr51\libc.a(fp_mintl.o)
                0x0000e06e                __fp_mintl
 .text.avr-libc.fplib
                0x0000e0a4       0x1c c:/winavr-20100110/bin/../lib/gcc/avr/4.3.3/../../../../avr/lib/avr51\libc.a(fp_mpack.o)
                0x0000e0a8                __fp_mpack_finite
                0x0000e0a4                __fp_mpack
 .text.avr-libc.fplib
                0x0000e0c0        0x6 c:/winavr-20100110/bin/../lib/gcc/avr/4.3.3/../../../../avr/lib/avr51\libc.a(fp_nan.o)
                0x0000e0c0                __fp_nan
 .text.avr-libc.fplib
                0x0000e0c6        0xe c:/winavr-20100110/bin/../lib/gcc/avr/4.3.3/../../../../avr/lib/avr51\libc.a(fp_pscA.o)
                0x0000e0c6                __fp_pscA
 .text.avr-libc.fplib
                0x0000e0d4        0xe c:/winavr-20100110/bin/../lib/gcc/avr/4.3.3/../../../../avr/lib/avr51\libc.a(fp_pscB.o)
                0x0000e0d4                __fp_pscB
 .text.avr-libc.fplib
                0x0000e0e2       0x22 c:/winavr-20100110/bin/../lib/gcc/avr/4.3.3/../../../../avr/lib/avr51\libc.a(fp_round.o)
                0x0000e0e2                __fp_round
 .text.avr-libc.fplib
                0x0000e104       0x44 c:/winavr-20100110/bin/../lib/gcc/avr/4.3.3/../../../../avr/lib/avr51\libc.a(fp_split3.o)
                0x0000e104                __fp_split3
                0x0000e114                __fp_splitA
 .text.avr-libc.fplib
                0x0000e148       0x2e c:/winavr-20100110/bin/../lib/gcc/avr/4.3.3/../../../../avr/lib/avr51\libc.a(fp_trunc.o)
                0x0000e148                __fp_trunc
 .text.avr-libc.fplib
                0x0000e176        0xe c:/winavr-20100110/bin/../lib/gcc/avr/4.3.3/../../../../avr/lib/avr51\libc.a(fp_zero.o)
                0x0000e176                __fp_zero
                0x0000e178                __fp_szero
 .text.avr-libc.fplib
                0x0000e184        0x8 c:/winavr-20100110/bin/../lib/gcc/avr/4.3.3/../../../../avr/lib/avr51\libc.a(gesf2.o)
                0x0000e184                __gtsf2
                0x0000e184                __gesf2
 .text.avr-libc.fplib
                0x0000e18c        0x4 c:/winavr-20100110/bin/../lib/gcc/avr/4.3.3/../../../../avr/lib/avr51\libc.a(mulsf3.o)
                0x0000e18c                __mulsf3
 .text.avr-libc.fplib
                0x0000e190       0xc2 c:/winavr-20100110/bin/../lib/gcc/avr/4.3.3/../../../../avr/lib/avr51\libc.a(mulsf3x.o)
                0x0000e1a8                __mulsf3_pse
                0x0000e1a4                __mulsf3x
 .text.avr-libc.fplib
                0x0000e252       0x98 c:/winavr-20100110/bin/../lib/gcc/avr/4.3.3/../../../../avr/lib/avr51\libc.a(pow.o)
                0x0000e252                pow
 .text.avr-libc
                0x0000e2ea       0x20 c:/winavr-20100110/bin/../lib/gcc/avr/4.3.3/../../../../avr/lib/avr51\libc.a(strrev.o)
                0x0000e2ea                strrev
 .text.avr-libc.fplib
                0x0000e30a       0x62 c:/winavr-20100110/bin/../lib/gcc/avr/4.3.3/../../../../avr/lib/avr51\libc.a(exp.o)
                0x0000e314                exp
 .text.avr-libc.fplib
                0x0000e36c       0x4a c:/winavr-20100110/bin/../lib/gcc/avr/4.3.3/../../../../avr/lib/avr51\libc.a(fp_powser.o)
                0x0000e36c                __fp_powser
 .text.avr-libc.fplib
                0x0000e3b6        0xe c:/winavr-20100110/bin/../lib/gcc/avr/4.3.3/../../../../avr/lib/avr51\libc.a(inverse.o)
                0x0000e3b6                inverse
 .text.avr-libc.fplib
                0x0000e3c4       0x6c c:/winavr-20100110/bin/../lib/gcc/avr/4.3.3/../../../../avr/lib/avr51\libc.a(ldexp.o)
                0x0000e3c8                ldexp
 .text.avr-libc.fplib
                0x0000e430       0x8a c:/winavr-20100110/bin/../lib/gcc/avr/4.3.3/../../../../avr/lib/avr51\libc.a(log.o)
                0x0000e43a                log
 .text.avr-libc.fplib
                0x0000e4ba       0x66 c:/winavr-20100110/bin/../lib/gcc/avr/4.3.3/../../../../avr/lib/avr51\libc.a(modf.o)
                0x0000e4ba                modff
                0x0000e4ba                modf
 .text.libgcc   0x0000e520       0x3e c:/winavr-20100110/bin/../lib/gcc/avr/4.3.3/avr51\libgcc.a(_mulsi3.o)
                0x0000e520                __mulsi3
 .text.libgcc   0x0000e55e       0x28 c:/winavr-20100110/bin/../lib/gcc/avr/4.3.3/avr51\libgcc.a(_udivmodhi4.o)
                0x0000e55e                __udivmodhi4
 .text.libgcc   0x0000e586        0x0 c:/winavr-20100110/bin/../lib/gcc/avr/4.3.3/avr51\libgcc.a(_exit.o)
 .text.libgcc   0x0000e586        0x0 c:/winavr-20100110/bin/../lib/gcc/avr/4.3.3/avr51\libgcc.a(_clear_bss.o)
                0x0000e586                . = ALIGN (0x2)
 *(.fini9)
 .fini9         0x0000e586        0x0 c:/winavr-20100110/bin/../lib/gcc/avr/4.3.3/avr51\libgcc.a(_exit.o)
                0x0000e586                _exit
 *(.fini9)
 *(.fini8)
 *(.fini8)
 *(.fini7)
 *(.fini7)
 *(.fini6)
 *(.fini6)
 *(.fini5)
 *(.fini5)
 *(.fini4)
 *(.fini4)
 *(.fini3)
 *(.fini3)
 *(.fini2)
 *(.fini2)
 *(.fini1)
 *(.fini1)
 *(.fini0)
 .fini0         0x0000e586        0x4 c:/winavr-20100110/bin/../lib/gcc/avr/4.3.3/avr51\libgcc.a(_exit.o)
 *(.fini0)
                0x0000e58a                _etext = .

.data           0x00800100      0x1c0 load address 0x0000e58a
                0x00800100                PROVIDE (__data_start, .)
 *(.data)
 .data          0x00800100        0x0 c:/winavr-20100110/bin/../lib/gcc/avr/4.3.3/../../../../avr/lib/avr51/crtm1284p.o
 .data          0x00800100        0x0 adcutil.o
 .data          0x00800100       0x55 main.o
 .data          0x00800155       0x18 BoolPort.o
 .data          0x0080016d       0x12 Controller.o
 .data          0x0080017f       0x4f Fmu.o
 .data          0x008001ce       0x50 FmuModel.o
                0x00800214                threads
                0x008001ce                syncOutAllowed
 .data          0x0080021e        0x6 HardwareInterface.o
 .data          0x00800224       0x18 IntPort.o
 .data          0x0080023c       0x12 Port.o
 .data          0x0080024e       0x18 RealPort.o
 .data          0x00800266       0x12 RobotSensor.o
 .data          0x00800278       0x12 RobotServo.o
 .data          0x0080028a       0x18 StringPort.o
 .data          0x008002a2        0x6 System.o
 .data          0x008002a8       0x12 World.o
 .data          0x008002ba        0x0 CSVLib.o
 .data          0x008002ba        0x0 IOLib.o
 .data          0x008002ba        0x0 MATHLib.o
 .data          0x008002ba        0x0 PatternBindMatch.o
 .data          0x008002ba        0x0 PrettyPrint.o
 .data          0x008002ba        0x0 TypedValue.o
 .data          0x008002ba        0x0 VdmBasicTypes.o
 .data          0x008002ba        0x0 VdmClass.o
 .data          0x008002ba        0x0 VdmGC.o
 .data          0x008002ba        0x0 VdmMap.o
 .data          0x008002ba        0x0 VdmProduct.o
 .data          0x008002ba        0x0 VdmSeq.o
 .data          0x008002ba        0x0 VdmSet.o
 .data          0x008002ba        0x0 VdmUnpackString.o
 .data          0x008002ba        0x0 C:\Users\AU542988\Desktop\case-study_line_follower_robot\deployment\uart.o
 .data          0x008002ba        0x0 c:/winavr-20100110/bin/../lib/gcc/avr/4.3.3/../../../../avr/lib/avr51\libc.a(calloc.o)
 .data          0x008002ba        0x6 c:/winavr-20100110/bin/../lib/gcc/avr/4.3.3/../../../../avr/lib/avr51\libc.a(malloc.o)
                0x008002bc                __malloc_heap_start
                0x008002be                __malloc_heap_end
                0x008002ba                __malloc_margin
 .data          0x008002c0        0x0 c:/winavr-20100110/bin/../lib/gcc/avr/4.3.3/../../../../avr/lib/avr51\libc.a(realloc.o)
 .data          0x008002c0        0x0 c:/winavr-20100110/bin/../lib/gcc/avr/4.3.3/../../../../avr/lib/avr51\libc.a(abort.o)
 .data          0x008002c0        0x0 c:/winavr-20100110/bin/../lib/gcc/avr/4.3.3/../../../../avr/lib/avr51\libc.a(exit.o)
 .data          0x008002c0        0x0 c:/winavr-20100110/bin/../lib/gcc/avr/4.3.3/../../../../avr/lib/avr51\libc.a(memcpy.o)
 .data          0x008002c0        0x0 c:/winavr-20100110/bin/../lib/gcc/avr/4.3.3/../../../../avr/lib/avr51\libc.a(memset.o)
 .data          0x008002c0        0x0 c:/winavr-20100110/bin/../lib/gcc/avr/4.3.3/../../../../avr/lib/avr51\libc.a(strcmp.o)
 .data          0x008002c0        0x0 c:/winavr-20100110/bin/../lib/gcc/avr/4.3.3/../../../../avr/lib/avr51\libc.a(strcpy.o)
 .data          0x008002c0        0x0 c:/winavr-20100110/bin/../lib/gcc/avr/4.3.3/../../../../avr/lib/avr51\libc.a(strlen.o)
 .data          0x008002c0        0x0 c:/winavr-20100110/bin/../lib/gcc/avr/4.3.3/../../../../avr/lib/avr51\libc.a(itoa.o)
 .data          0x008002c0        0x0 c:/winavr-20100110/bin/../lib/gcc/avr/4.3.3/../../../../avr/lib/avr51\libc.a(addsf3.o)
 .data          0x008002c0        0x0 c:/winavr-20100110/bin/../lib/gcc/avr/4.3.3/../../../../avr/lib/avr51\libc.a(addsf3x.o)
 .data          0x008002c0        0x0 c:/winavr-20100110/bin/../lib/gcc/avr/4.3.3/../../../../avr/lib/avr51\libc.a(cmpsf2.o)
 .data          0x008002c0        0x0 c:/winavr-20100110/bin/../lib/gcc/avr/4.3.3/../../../../avr/lib/avr51\libc.a(divsf3.o)
 .data          0x008002c0        0x0 c:/winavr-20100110/bin/../lib/gcc/avr/4.3.3/../../../../avr/lib/avr51\libc.a(divsf3x.o)
 .data          0x008002c0        0x0 c:/winavr-20100110/bin/../lib/gcc/avr/4.3.3/../../../../avr/lib/avr51\libc.a(fixsfsi.o)
 .data          0x008002c0        0x0 c:/winavr-20100110/bin/../lib/gcc/avr/4.3.3/../../../../avr/lib/avr51\libc.a(fixunssfsi.o)
 .data          0x008002c0        0x0 c:/winavr-20100110/bin/../lib/gcc/avr/4.3.3/../../../../avr/lib/avr51\libc.a(floatsisf.o)
 .data          0x008002c0        0x0 c:/winavr-20100110/bin/../lib/gcc/avr/4.3.3/../../../../avr/lib/avr51\libc.a(floor.o)
 .data          0x008002c0        0x0 c:/winavr-20100110/bin/../lib/gcc/avr/4.3.3/../../../../avr/lib/avr51\libc.a(fp_cmp.o)
 .data          0x008002c0        0x0 c:/winavr-20100110/bin/../lib/gcc/avr/4.3.3/../../../../avr/lib/avr51\libc.a(fp_inf.o)
 .data          0x008002c0        0x0 c:/winavr-20100110/bin/../lib/gcc/avr/4.3.3/../../../../avr/lib/avr51\libc.a(fp_mintl.o)
 .data          0x008002c0        0x0 c:/winavr-20100110/bin/../lib/gcc/avr/4.3.3/../../../../avr/lib/avr51\libc.a(fp_mpack.o)
 .data          0x008002c0        0x0 c:/winavr-20100110/bin/../lib/gcc/avr/4.3.3/../../../../avr/lib/avr51\libc.a(fp_nan.o)
 .data          0x008002c0        0x0 c:/winavr-20100110/bin/../lib/gcc/avr/4.3.3/../../../../avr/lib/avr51\libc.a(fp_pscA.o)
 .data          0x008002c0        0x0 c:/winavr-20100110/bin/../lib/gcc/avr/4.3.3/../../../../avr/lib/avr51\libc.a(fp_pscB.o)
 .data          0x008002c0        0x0 c:/winavr-20100110/bin/../lib/gcc/avr/4.3.3/../../../../avr/lib/avr51\libc.a(fp_round.o)
 .data          0x008002c0        0x0 c:/winavr-20100110/bin/../lib/gcc/avr/4.3.3/../../../../avr/lib/avr51\libc.a(fp_split3.o)
 .data          0x008002c0        0x0 c:/winavr-20100110/bin/../lib/gcc/avr/4.3.3/../../../../avr/lib/avr51\libc.a(fp_trunc.o)
 .data          0x008002c0        0x0 c:/winavr-20100110/bin/../lib/gcc/avr/4.3.3/../../../../avr/lib/avr51\libc.a(fp_zero.o)
 .data          0x008002c0        0x0 c:/winavr-20100110/bin/../lib/gcc/avr/4.3.3/../../../../avr/lib/avr51\libc.a(gesf2.o)
 .data          0x008002c0        0x0 c:/winavr-20100110/bin/../lib/gcc/avr/4.3.3/../../../../avr/lib/avr51\libc.a(mulsf3.o)
 .data          0x008002c0        0x0 c:/winavr-20100110/bin/../lib/gcc/avr/4.3.3/../../../../avr/lib/avr51\libc.a(mulsf3x.o)
 .data          0x008002c0        0x0 c:/winavr-20100110/bin/../lib/gcc/avr/4.3.3/../../../../avr/lib/avr51\libc.a(pow.o)
 .data          0x008002c0        0x0 c:/winavr-20100110/bin/../lib/gcc/avr/4.3.3/../../../../avr/lib/avr51\libc.a(strrev.o)
 .data          0x008002c0        0x0 c:/winavr-20100110/bin/../lib/gcc/avr/4.3.3/../../../../avr/lib/avr51\libc.a(exp.o)
 .data          0x008002c0        0x0 c:/winavr-20100110/bin/../lib/gcc/avr/4.3.3/../../../../avr/lib/avr51\libc.a(fp_powser.o)
 .data          0x008002c0        0x0 c:/winavr-20100110/bin/../lib/gcc/avr/4.3.3/../../../../avr/lib/avr51\libc.a(inverse.o)
 .data          0x008002c0        0x0 c:/winavr-20100110/bin/../lib/gcc/avr/4.3.3/../../../../avr/lib/avr51\libc.a(ldexp.o)
 .data          0x008002c0        0x0 c:/winavr-20100110/bin/../lib/gcc/avr/4.3.3/../../../../avr/lib/avr51\libc.a(log.o)
 .data          0x008002c0        0x0 c:/winavr-20100110/bin/../lib/gcc/avr/4.3.3/../../../../avr/lib/avr51\libc.a(modf.o)
 .data          0x008002c0        0x0 c:/winavr-20100110/bin/../lib/gcc/avr/4.3.3/avr51\libgcc.a(_mulsi3.o)
 .data          0x008002c0        0x0 c:/winavr-20100110/bin/../lib/gcc/avr/4.3.3/avr51\libgcc.a(_udivmodhi4.o)
 .data          0x008002c0        0x0 c:/winavr-20100110/bin/../lib/gcc/avr/4.3.3/avr51\libgcc.a(_exit.o)
 .data          0x008002c0        0x0 c:/winavr-20100110/bin/../lib/gcc/avr/4.3.3/avr51\libgcc.a(_clear_bss.o)
 *(.data*)
 *(.rodata)
 *(.rodata*)
 *(.gnu.linkonce.d*)
                0x008002c0                . = ALIGN (0x2)
                0x008002c0                _edata = .
                0x008002c0                PROVIDE (__data_end, .)

.bss            0x008002c0      0x140
                0x008002c0                PROVIDE (__bss_start, .)
 *(.bss)
 .bss           0x008002c0        0x0 c:/winavr-20100110/bin/../lib/gcc/avr/4.3.3/../../../../avr/lib/avr51/crtm1284p.o
 .bss           0x008002c0        0x0 adcutil.o
 .bss           0x008002c0        0x0 main.o
 .bss           0x008002c0       0x12 BoolPort.o
 .bss           0x008002d2        0x2 Controller.o
                0x008002d2                numFields_3
 .bss           0x008002d4        0x2 Fmu.o
                0x008002d4                terminateSystemThread
                0x008002d5                isTerminated
 .bss           0x008002d6        0x6 FmuModel.o
                0x008002d6                sys
                0x008002d8                maxStepSize
 .bss           0x008002dc        0x8 HardwareInterface.o
                0x008002de                g_HardwareInterface_forwardSpeed
                0x008002dc                numFields_6
                0x008002e0                g_HardwareInterface_forwardRotate
                0x008002e2                g_HardwareInterface_backwardRotate
 .bss           0x008002e4       0x12 IntPort.o
 .bss           0x008002f6        0x2 Port.o
                0x008002f6                numFields_2
 .bss           0x008002f8       0x12 RealPort.o
 .bss           0x0080030a        0x2 RobotSensor.o
                0x0080030a                numFields_1
 .bss           0x0080030c        0x2 RobotServo.o
                0x0080030c                numFields_7
 .bss           0x0080030e       0x12 StringPort.o
 .bss           0x00800320        0x6 System.o
                0x00800322                g_System_hwi
                0x00800324                g_System_controller
                0x00800320                numFields_4
 .bss           0x00800326        0x2 World.o
                0x00800326                numFields_5
 .bss           0x00800328        0x2 CSVLib.o
                0x00800328                resourcesLocation
 .bss           0x0080032a        0x0 IOLib.o
 .bss           0x0080032a        0x0 MATHLib.o
 .bss           0x0080032a        0x0 PatternBindMatch.o
 .bss           0x0080032a        0x0 PrettyPrint.o
 .bss           0x0080032a        0x0 TypedValue.o
 .bss           0x0080032a        0x0 VdmBasicTypes.o
 .bss           0x0080032a        0x0 VdmClass.o
 .bss           0x0080032a        0x4 VdmGC.o
                0x0080032c                allocd_mem_tail
                0x0080032a                allocd_mem_head
 .bss           0x0080032e        0x0 VdmMap.o
 .bss           0x0080032e        0x0 VdmProduct.o
 .bss           0x0080032e        0x0 VdmSeq.o
 .bss           0x0080032e        0x0 VdmSet.o
 .bss           0x0080032e        0x0 VdmUnpackString.o
 .bss           0x0080032e        0x0 C:\Users\AU542988\Desktop\case-study_line_follower_robot\deployment\uart.o
 .bss           0x0080032e        0x0 c:/winavr-20100110/bin/../lib/gcc/avr/4.3.3/../../../../avr/lib/avr51\libc.a(calloc.o)
 .bss           0x0080032e        0x0 c:/winavr-20100110/bin/../lib/gcc/avr/4.3.3/../../../../avr/lib/avr51\libc.a(malloc.o)
 .bss           0x0080032e        0x0 c:/winavr-20100110/bin/../lib/gcc/avr/4.3.3/../../../../avr/lib/avr51\libc.a(realloc.o)
 .bss           0x0080032e        0x0 c:/winavr-20100110/bin/../lib/gcc/avr/4.3.3/../../../../avr/lib/avr51\libc.a(abort.o)
 .bss           0x0080032e        0x0 c:/winavr-20100110/bin/../lib/gcc/avr/4.3.3/../../../../avr/lib/avr51\libc.a(exit.o)
 .bss           0x0080032e        0x0 c:/winavr-20100110/bin/../lib/gcc/avr/4.3.3/../../../../avr/lib/avr51\libc.a(memcpy.o)
 .bss           0x0080032e        0x0 c:/winavr-20100110/bin/../lib/gcc/avr/4.3.3/../../../../avr/lib/avr51\libc.a(memset.o)
 .bss           0x0080032e        0x0 c:/winavr-20100110/bin/../lib/gcc/avr/4.3.3/../../../../avr/lib/avr51\libc.a(strcmp.o)
 .bss           0x0080032e        0x0 c:/winavr-20100110/bin/../lib/gcc/avr/4.3.3/../../../../avr/lib/avr51\libc.a(strcpy.o)
 .bss           0x0080032e        0x0 c:/winavr-20100110/bin/../lib/gcc/avr/4.3.3/../../../../avr/lib/avr51\libc.a(strlen.o)
 .bss           0x0080032e        0x0 c:/winavr-20100110/bin/../lib/gcc/avr/4.3.3/../../../../avr/lib/avr51\libc.a(itoa.o)
 .bss           0x0080032e        0x0 c:/winavr-20100110/bin/../lib/gcc/avr/4.3.3/../../../../avr/lib/avr51\libc.a(addsf3.o)
 .bss           0x0080032e        0x0 c:/winavr-20100110/bin/../lib/gcc/avr/4.3.3/../../../../avr/lib/avr51\libc.a(addsf3x.o)
 .bss           0x0080032e        0x0 c:/winavr-20100110/bin/../lib/gcc/avr/4.3.3/../../../../avr/lib/avr51\libc.a(cmpsf2.o)
 .bss           0x0080032e        0x0 c:/winavr-20100110/bin/../lib/gcc/avr/4.3.3/../../../../avr/lib/avr51\libc.a(divsf3.o)
 .bss           0x0080032e        0x0 c:/winavr-20100110/bin/../lib/gcc/avr/4.3.3/../../../../avr/lib/avr51\libc.a(divsf3x.o)
 .bss           0x0080032e        0x0 c:/winavr-20100110/bin/../lib/gcc/avr/4.3.3/../../../../avr/lib/avr51\libc.a(fixsfsi.o)
 .bss           0x0080032e        0x0 c:/winavr-20100110/bin/../lib/gcc/avr/4.3.3/../../../../avr/lib/avr51\libc.a(fixunssfsi.o)
 .bss           0x0080032e        0x0 c:/winavr-20100110/bin/../lib/gcc/avr/4.3.3/../../../../avr/lib/avr51\libc.a(floatsisf.o)
 .bss           0x0080032e        0x0 c:/winavr-20100110/bin/../lib/gcc/avr/4.3.3/../../../../avr/lib/avr51\libc.a(floor.o)
 .bss           0x0080032e        0x0 c:/winavr-20100110/bin/../lib/gcc/avr/4.3.3/../../../../avr/lib/avr51\libc.a(fp_cmp.o)
 .bss           0x0080032e        0x0 c:/winavr-20100110/bin/../lib/gcc/avr/4.3.3/../../../../avr/lib/avr51\libc.a(fp_inf.o)
 .bss           0x0080032e        0x0 c:/winavr-20100110/bin/../lib/gcc/avr/4.3.3/../../../../avr/lib/avr51\libc.a(fp_mintl.o)
 .bss           0x0080032e        0x0 c:/winavr-20100110/bin/../lib/gcc/avr/4.3.3/../../../../avr/lib/avr51\libc.a(fp_mpack.o)
 .bss           0x0080032e        0x0 c:/winavr-20100110/bin/../lib/gcc/avr/4.3.3/../../../../avr/lib/avr51\libc.a(fp_nan.o)
 .bss           0x0080032e        0x0 c:/winavr-20100110/bin/../lib/gcc/avr/4.3.3/../../../../avr/lib/avr51\libc.a(fp_pscA.o)
 .bss           0x0080032e        0x0 c:/winavr-20100110/bin/../lib/gcc/avr/4.3.3/../../../../avr/lib/avr51\libc.a(fp_pscB.o)
 .bss           0x0080032e        0x0 c:/winavr-20100110/bin/../lib/gcc/avr/4.3.3/../../../../avr/lib/avr51\libc.a(fp_round.o)
 .bss           0x0080032e        0x0 c:/winavr-20100110/bin/../lib/gcc/avr/4.3.3/../../../../avr/lib/avr51\libc.a(fp_split3.o)
 .bss           0x0080032e        0x0 c:/winavr-20100110/bin/../lib/gcc/avr/4.3.3/../../../../avr/lib/avr51\libc.a(fp_trunc.o)
 .bss           0x0080032e        0x0 c:/winavr-20100110/bin/../lib/gcc/avr/4.3.3/../../../../avr/lib/avr51\libc.a(fp_zero.o)
 .bss           0x0080032e        0x0 c:/winavr-20100110/bin/../lib/gcc/avr/4.3.3/../../../../avr/lib/avr51\libc.a(gesf2.o)
 .bss           0x0080032e        0x0 c:/winavr-20100110/bin/../lib/gcc/avr/4.3.3/../../../../avr/lib/avr51\libc.a(mulsf3.o)
 .bss           0x0080032e        0x0 c:/winavr-20100110/bin/../lib/gcc/avr/4.3.3/../../../../avr/lib/avr51\libc.a(mulsf3x.o)
 .bss           0x0080032e        0x0 c:/winavr-20100110/bin/../lib/gcc/avr/4.3.3/../../../../avr/lib/avr51\libc.a(pow.o)
 .bss           0x0080032e        0x0 c:/winavr-20100110/bin/../lib/gcc/avr/4.3.3/../../../../avr/lib/avr51\libc.a(strrev.o)
 .bss           0x0080032e        0x0 c:/winavr-20100110/bin/../lib/gcc/avr/4.3.3/../../../../avr/lib/avr51\libc.a(exp.o)
 .bss           0x0080032e        0x0 c:/winavr-20100110/bin/../lib/gcc/avr/4.3.3/../../../../avr/lib/avr51\libc.a(fp_powser.o)
 .bss           0x0080032e        0x0 c:/winavr-20100110/bin/../lib/gcc/avr/4.3.3/../../../../avr/lib/avr51\libc.a(inverse.o)
 .bss           0x0080032e        0x0 c:/winavr-20100110/bin/../lib/gcc/avr/4.3.3/../../../../avr/lib/avr51\libc.a(ldexp.o)
 .bss           0x0080032e        0x0 c:/winavr-20100110/bin/../lib/gcc/avr/4.3.3/../../../../avr/lib/avr51\libc.a(log.o)
 .bss           0x0080032e        0x0 c:/winavr-20100110/bin/../lib/gcc/avr/4.3.3/../../../../avr/lib/avr51\libc.a(modf.o)
 .bss           0x0080032e        0x0 c:/winavr-20100110/bin/../lib/gcc/avr/4.3.3/avr51\libgcc.a(_mulsi3.o)
 .bss           0x0080032e        0x0 c:/winavr-20100110/bin/../lib/gcc/avr/4.3.3/avr51\libgcc.a(_udivmodhi4.o)
 .bss           0x0080032e        0x0 c:/winavr-20100110/bin/../lib/gcc/avr/4.3.3/avr51\libgcc.a(_exit.o)
 .bss           0x0080032e        0x0 c:/winavr-20100110/bin/../lib/gcc/avr/4.3.3/avr51\libgcc.a(_clear_bss.o)
 *(.bss*)
 .bss.UART_TxBuf
                0x0080032e       0x20 C:\Users\AU542988\Desktop\case-study_line_follower_robot\deployment\uart.o
 .bss.UART_RxBuf
                0x0080034e       0x20 C:\Users\AU542988\Desktop\case-study_line_follower_robot\deployment\uart.o
 .bss.UART_TxHead
                0x0080036e        0x1 C:\Users\AU542988\Desktop\case-study_line_follower_robot\deployment\uart.o
 .bss.UART_TxTail
                0x0080036f        0x1 C:\Users\AU542988\Desktop\case-study_line_follower_robot\deployment\uart.o
 .bss.UART_RxHead
                0x00800370        0x1 C:\Users\AU542988\Desktop\case-study_line_follower_robot\deployment\uart.o
 .bss.UART_RxTail
                0x00800371        0x1 C:\Users\AU542988\Desktop\case-study_line_follower_robot\deployment\uart.o
 .bss.UART_LastRxError
                0x00800372        0x1 C:\Users\AU542988\Desktop\case-study_line_follower_robot\deployment\uart.o
 .bss.UART1_TxBuf
                0x00800373       0x20 C:\Users\AU542988\Desktop\case-study_line_follower_robot\deployment\uart.o
 .bss.UART1_RxBuf
                0x00800393       0x20 C:\Users\AU542988\Desktop\case-study_line_follower_robot\deployment\uart.o
 .bss.UART1_TxHead
                0x008003b3        0x1 C:\Users\AU542988\Desktop\case-study_line_follower_robot\deployment\uart.o
 .bss.UART1_TxTail
                0x008003b4        0x1 C:\Users\AU542988\Desktop\case-study_line_follower_robot\deployment\uart.o
 .bss.UART1_RxHead
                0x008003b5        0x1 C:\Users\AU542988\Desktop\case-study_line_follower_robot\deployment\uart.o
 .bss.UART1_RxTail
                0x008003b6        0x1 C:\Users\AU542988\Desktop\case-study_line_follower_robot\deployment\uart.o
 .bss.UART1_LastRxError
                0x008003b7        0x1 C:\Users\AU542988\Desktop\case-study_line_follower_robot\deployment\uart.o
 *(COMMON)
 COMMON         0x008003b8       0x44 Fmu.o
                0x008003b8                g_fmiCallbackFunctions
                0x008003ba                fmiBuffer
                0x008003fa                g_fmiInstanceName
 COMMON         0x008003fc        0x4 c:/winavr-20100110/bin/../lib/gcc/avr/4.3.3/../../../../avr/lib/avr51\libc.a(malloc.o)
                0x008003fc                __brkval
                0x008003fe                __flp
                0x00800400                PROVIDE (__bss_end, .)
                0x0000e58a                __data_load_start = LOADADDR (.data)
                0x0000e74a                __data_load_end = (__data_load_start + SIZEOF (.data))

.noinit         0x00800400        0x0
                0x00800400                PROVIDE (__noinit_start, .)
 *(.noinit*)
                0x00800400                PROVIDE (__noinit_end, .)
                0x00800400                _end = .
                0x00800400                PROVIDE (__heap_start, .)

.eeprom         0x00810000        0x0
 *(.eeprom*)
                0x00810000                __eeprom_end = .

.fuse
 *(.fuse)
 *(.lfuse)
 *(.hfuse)
 *(.efuse)

.lock
 *(.lock*)

.signature
 *(.signature*)

.stab           0x00000000      0xe04
 *(.stab)
 .stab          0x00000000      0xe04 C:\Users\AU542988\Desktop\case-study_line_follower_robot\deployment\uart.o

.stabstr        0x00000000      0xea8
 *(.stabstr)
 .stabstr       0x00000000      0xea8 C:\Users\AU542988\Desktop\case-study_line_follower_robot\deployment\uart.o

.stab.excl
 *(.stab.excl)

.stab.exclstr
 *(.stab.exclstr)

.stab.index
 *(.stab.index)

.stab.indexstr
 *(.stab.indexstr)

.comment        0x00000000       0x11
 *(.comment)
 .comment       0x00000000       0x11 C:\Users\AU542988\Desktop\case-study_line_follower_robot\deployment\uart.o
                                 0x12 (size before relaxing)

.debug
 *(.debug)

.line
 *(.line)

.debug_srcinfo
 *(.debug_srcinfo)

.debug_sfnames
 *(.debug_sfnames)

.debug_aranges  0x00000000      0x2c0
 *(.debug_aranges)
 .debug_aranges
                0x00000000       0x20 adcutil.o
 .debug_aranges
                0x00000020       0x20 main.o
 .debug_aranges
                0x00000040       0x20 BoolPort.o
 .debug_aranges
                0x00000060       0x20 Controller.o
 .debug_aranges
                0x00000080       0x20 Fmu.o
 .debug_aranges
                0x000000a0       0x20 FmuModel.o
 .debug_aranges
                0x000000c0       0x20 HardwareInterface.o
 .debug_aranges
                0x000000e0       0x20 IntPort.o
 .debug_aranges
                0x00000100       0x20 Port.o
 .debug_aranges
                0x00000120       0x20 RealPort.o
 .debug_aranges
                0x00000140       0x20 RobotSensor.o
 .debug_aranges
                0x00000160       0x20 RobotServo.o
 .debug_aranges
                0x00000180       0x20 StringPort.o
 .debug_aranges
                0x000001a0       0x20 System.o
 .debug_aranges
                0x000001c0       0x20 World.o
 .debug_aranges
                0x000001e0       0x20 TypedValue.o
 .debug_aranges
                0x00000200       0x20 VdmBasicTypes.o
 .debug_aranges
                0x00000220       0x20 VdmClass.o
 .debug_aranges
                0x00000240       0x20 VdmGC.o
 .debug_aranges
                0x00000260       0x20 VdmSeq.o
 .debug_aranges
                0x00000280       0x20 VdmSet.o
 .debug_aranges
                0x000002a0       0x20 VdmUnpackString.o

.debug_pubnames
                0x00000000     0x1a75
 *(.debug_pubnames)
 .debug_pubnames
                0x00000000       0x2a adcutil.o
 .debug_pubnames
                0x0000002a       0x5d main.o
 .debug_pubnames
                0x00000087       0xd2 BoolPort.o
 .debug_pubnames
                0x00000159      0x129 Controller.o
 .debug_pubnames
                0x00000282      0x38f Fmu.o
 .debug_pubnames
                0x00000611       0xeb FmuModel.o
 .debug_pubnames
                0x000006fc      0x182 HardwareInterface.o
 .debug_pubnames
                0x0000087e       0xca IntPort.o
 .debug_pubnames
                0x00000948       0xb4 Port.o
 .debug_pubnames
                0x000009fc       0xd2 RealPort.o
 .debug_pubnames
                0x00000ace      0x105 RobotSensor.o
 .debug_pubnames
                0x00000bd3       0xfd RobotServo.o
 .debug_pubnames
                0x00000cd0       0xe6 StringPort.o
 .debug_pubnames
                0x00000db6       0xeb System.o
 .debug_pubnames
                0x00000ea1       0xbb World.o
 .debug_pubnames
                0x00000f5c       0x28 CSVLib.o
 .debug_pubnames
                0x00000f84      0x1e2 TypedValue.o
 .debug_pubnames
                0x00001166      0x333 VdmBasicTypes.o
 .debug_pubnames
                0x00001499       0x24 VdmClass.o
 .debug_pubnames
                0x000014bd      0x13a VdmGC.o
 .debug_pubnames
                0x000015f7      0x192 VdmSeq.o
 .debug_pubnames
                0x00001789      0x2c9 VdmSet.o
 .debug_pubnames
                0x00001a52       0x23 VdmUnpackString.o

.debug_info     0x00000000     0xa142
 *(.debug_info)
 .debug_info    0x00000000       0xad adcutil.o
 .debug_info    0x000000ad      0x56f main.o
 .debug_info    0x0000061c      0x5a5 BoolPort.o
 .debug_info    0x00000bc1      0x74e Controller.o
 .debug_info    0x0000130f      0xea3 Fmu.o
 .debug_info    0x000021b2      0x91f FmuModel.o
 .debug_info    0x00002ad1      0x614 HardwareInterface.o
 .debug_info    0x000030e5      0x5a5 IntPort.o
 .debug_info    0x0000368a      0x45d Port.o
 .debug_info    0x00003ae7      0x5a5 RealPort.o
 .debug_info    0x0000408c      0x525 RobotSensor.o
 .debug_info    0x000045b1      0x521 RobotServo.o
 .debug_info    0x00004ad2      0x5a5 StringPort.o
 .debug_info    0x00005077      0x53a System.o
 .debug_info    0x000055b1      0x44d World.o
 .debug_info    0x000059fe       0x8b CSVLib.o
 .debug_info    0x00005a89       0x73 IOLib.o
 .debug_info    0x00005afc       0x73 MATHLib.o
 .debug_info    0x00005b6f       0x73 PatternBindMatch.o
 .debug_info    0x00005be2       0x73 PrettyPrint.o
 .debug_info    0x00005c55      0xac0 TypedValue.o
 .debug_info    0x00006715     0x10b1 VdmBasicTypes.o
 .debug_info    0x000077c6      0x145 VdmClass.o
 .debug_info    0x0000790b      0x64f VdmGC.o
 .debug_info    0x00007f5a       0x73 VdmMap.o
 .debug_info    0x00007fcd       0x73 VdmProduct.o
 .debug_info    0x00008040      0xb97 VdmSeq.o
 .debug_info    0x00008bd7     0x1375 VdmSet.o
 .debug_info    0x00009f4c      0x1f6 VdmUnpackString.o
 *(.gnu.linkonce.wi.*)

.debug_abbrev   0x00000000     0x23e8
 *(.debug_abbrev)
 .debug_abbrev  0x00000000       0x70 adcutil.o
 .debug_abbrev  0x00000070      0x1af main.o
 .debug_abbrev  0x0000021f      0x1ae BoolPort.o
 .debug_abbrev  0x000003cd      0x20a Controller.o
 .debug_abbrev  0x000005d7      0x1be Fmu.o
 .debug_abbrev  0x00000795      0x1be FmuModel.o
 .debug_abbrev  0x00000953      0x1c5 HardwareInterface.o
 .debug_abbrev  0x00000b18      0x1ae IntPort.o
 .debug_abbrev  0x00000cc6      0x1d4 Port.o
 .debug_abbrev  0x00000e9a      0x1ae RealPort.o
 .debug_abbrev  0x00001048      0x1d4 RobotSensor.o
 .debug_abbrev  0x0000121c      0x1bd RobotServo.o
 .debug_abbrev  0x000013d9      0x1ae StringPort.o
 .debug_abbrev  0x00001587      0x1ae System.o
 .debug_abbrev  0x00001735      0x1ae World.o
 .debug_abbrev  0x000018e3       0x44 CSVLib.o
 .debug_abbrev  0x00001927       0x2a IOLib.o
 .debug_abbrev  0x00001951       0x2a MATHLib.o
 .debug_abbrev  0x0000197b       0x2a PatternBindMatch.o
 .debug_abbrev  0x000019a5       0x2a PrettyPrint.o
 .debug_abbrev  0x000019cf      0x1a0 TypedValue.o
 .debug_abbrev  0x00001b6f      0x14f VdmBasicTypes.o
 .debug_abbrev  0x00001cbe       0xbb VdmClass.o
 .debug_abbrev  0x00001d79      0x1d1 VdmGC.o
 .debug_abbrev  0x00001f4a       0x2a VdmMap.o
 .debug_abbrev  0x00001f74       0x2a VdmProduct.o
 .debug_abbrev  0x00001f9e      0x1d6 VdmSeq.o
 .debug_abbrev  0x00002174      0x199 VdmSet.o
 .debug_abbrev  0x0000230d       0xdb VdmUnpackString.o

.debug_line     0x00000000     0x6819
 *(.debug_line)
 .debug_line    0x00000000       0xe7 adcutil.o
 .debug_line    0x000000e7      0x44d main.o
 .debug_line    0x00000534      0x30c BoolPort.o
 .debug_line    0x00000840      0x464 Controller.o
 .debug_line    0x00000ca4      0x595 Fmu.o
 .debug_line    0x00001239      0x5a3 FmuModel.o
 .debug_line    0x000017dc      0x3c4 HardwareInterface.o
 .debug_line    0x00001ba0      0x30a IntPort.o
 .debug_line    0x00001eaa      0x252 Port.o
 .debug_line    0x000020fc      0x30c RealPort.o
 .debug_line    0x00002408      0x2c6 RobotSensor.o
 .debug_line    0x000026ce      0x2bc RobotServo.o
 .debug_line    0x0000298a      0x310 StringPort.o
 .debug_line    0x00002c9a      0x2cd System.o
 .debug_line    0x00002f67      0x254 World.o
 .debug_line    0x000031bb       0x5e CSVLib.o
 .debug_line    0x00003219       0x3e IOLib.o
 .debug_line    0x00003257       0x3e MATHLib.o
 .debug_line    0x00003295       0x3e PatternBindMatch.o
 .debug_line    0x000032d3       0x3e PrettyPrint.o
 .debug_line    0x00003311      0x820 TypedValue.o
 .debug_line    0x00003b31      0xd35 VdmBasicTypes.o
 .debug_line    0x00004866       0xbe VdmClass.o
 .debug_line    0x00004924      0x508 VdmGC.o
 .debug_line    0x00004e2c       0x3e VdmMap.o
 .debug_line    0x00004e6a       0x3e VdmProduct.o
 .debug_line    0x00004ea8      0x7a0 VdmSeq.o
 .debug_line    0x00005648     0x1102 VdmSet.o
 .debug_line    0x0000674a       0xcf VdmUnpackString.o

.debug_frame    0x00000000     0x1770
 *(.debug_frame)
 .debug_frame   0x00000000       0x30 adcutil.o
 .debug_frame   0x00000030       0x50 main.o
 .debug_frame   0x00000080       0xf0 BoolPort.o
 .debug_frame   0x00000170       0xd0 Controller.o
 .debug_frame   0x00000240      0x240 Fmu.o
 .debug_frame   0x00000480       0x80 FmuModel.o
 .debug_frame   0x00000500      0x130 HardwareInterface.o
 .debug_frame   0x00000630       0xf0 IntPort.o
 .debug_frame   0x00000720       0xd0 Port.o
 .debug_frame   0x000007f0       0xf0 RealPort.o
 .debug_frame   0x000008e0       0xd0 RobotSensor.o
 .debug_frame   0x000009b0       0xd0 RobotServo.o
 .debug_frame   0x00000a80       0xf0 StringPort.o
 .debug_frame   0x00000b70       0xd0 System.o
 .debug_frame   0x00000c40       0xd0 World.o
 .debug_frame   0x00000d10      0x1a0 TypedValue.o
 .debug_frame   0x00000eb0      0x380 VdmBasicTypes.o
 .debug_frame   0x00001230       0x20 VdmClass.o
 .debug_frame   0x00001250       0xf0 VdmGC.o
 .debug_frame   0x00001340      0x1b0 VdmSeq.o
 .debug_frame   0x000014f0      0x260 VdmSet.o
 .debug_frame   0x00001750       0x20 VdmUnpackString.o

.debug_str      0x00000000     0x29be
 *(.debug_str)
 .debug_str     0x00000000       0xb9 adcutil.o
                                 0xed (size before relaxing)
 .debug_str     0x000000b9      0x286 main.o
                                0x353 (size before relaxing)
 .debug_str     0x0000033f      0x302 BoolPort.o
                                0x406 (size before relaxing)
 .debug_str     0x00000641      0x446 Controller.o
                                0x6c0 (size before relaxing)
 .debug_str     0x00000a87      0x4e4 Fmu.o
                                0x78c (size before relaxing)
 .debug_str     0x00000f6b      0x266 FmuModel.o
                                0x80f (size before relaxing)
 .debug_str     0x000011d1      0x256 HardwareInterface.o
                                0x5e4 (size before relaxing)
 .debug_str     0x00001427      0x185 IntPort.o
                                0x3f4 (size before relaxing)
 .debug_str     0x000015ac       0x6f Port.o
                                0x334 (size before relaxing)
 .debug_str     0x0000161b      0x142 RealPort.o
                                0x406 (size before relaxing)
 .debug_str     0x0000175d      0x156 RobotSensor.o
                                0x45d (size before relaxing)
 .debug_str     0x000018b3      0x145 RobotServo.o
                                0x446 (size before relaxing)
 .debug_str     0x000019f8      0x1c0 StringPort.o
                                0x432 (size before relaxing)
 .debug_str     0x00001bb8      0x160 System.o
                                0x4e2 (size before relaxing)
 .debug_str     0x00001d18       0xf1 World.o
                                0x337 (size before relaxing)
 .debug_str     0x00001e09       0x1d CSVLib.o
                                0x100 (size before relaxing)
 .debug_str     0x00001e26       0x1c IOLib.o
                                 0xed (size before relaxing)
 .debug_str     0x00001e42       0x1e MATHLib.o
                                 0xef (size before relaxing)
 .debug_str     0x00001e60       0x27 PatternBindMatch.o
                                 0xf8 (size before relaxing)
 .debug_str     0x00001e87       0x22 PrettyPrint.o
                                 0xf3 (size before relaxing)
 .debug_str     0x00001ea9      0x1f5 TypedValue.o
                                0x3e2 (size before relaxing)
 .debug_str     0x0000209e      0x272 VdmBasicTypes.o
                                0x412 (size before relaxing)
 .debug_str     0x00002310       0x2d VdmClass.o
                                0x13a (size before relaxing)
 .debug_str     0x0000233d      0x133 VdmGC.o
                                0x33c (size before relaxing)
 .debug_str     0x00002470       0x1d VdmMap.o
                                 0xee (size before relaxing)
 .debug_str     0x0000248d       0x21 VdmProduct.o
                                 0xf2 (size before relaxing)
 .debug_str     0x000024ae      0x1e4 VdmSeq.o
                                0x3d9 (size before relaxing)
 .debug_str     0x00002692      0x2f1 VdmSet.o
                                0x527 (size before relaxing)
 .debug_str     0x00002983       0x3b VdmUnpackString.o
                                0x1e6 (size before relaxing)

.debug_loc
 *(.debug_loc)

.debug_macinfo
 *(.debug_macinfo)
OUTPUT(AURobot.elf elf32-avr)
LOAD linker stubs
